// Jest Snapshot v1, https://goo.gl/fbAQLP

exports[`Loader has a valid snapshot 1`] = `
<div
  className="makeStyles-root-23"
>
  <div
    className="MuiLinearProgress-root MuiLinearProgress-colorPrimary MuiLinearProgress-indeterminate"
    role="progressbar"
  >
    <div
      className="MuiLinearProgress-bar MuiLinearProgress-bar1Indeterminate MuiLinearProgress-barColorPrimary"
      style={Object {}}
    />
    <div
      className="MuiLinearProgress-bar MuiLinearProgress-bar2Indeterminate MuiLinearProgress-barColorPrimary"
      style={Object {}}
    />
  </div>
</div>
`;
